
Memory Configuration

Name             Origin             Length             Attributes
flash            0x08000000         0x00020000         xr
sram             0x20000000         0x00005000         xrw
*default*        0x00000000         0xffffffff

Linker script and memory map


.text           0x08000000      0x328
 *(.vectors*)
 .vectors       0x08000000       0x1c startup.o
                0x08000000                vectors
 *(.text*)
 .text          0x0800001c       0x40 Alarm.o
                0x0800001c                ST_Alarm_OFF
                0x08000034                ST_Alarm_ON
 .text          0x0800005c       0xa0 PControl.o
                0x0800005c                ST_receiving
                0x08000080                ST_PressureDetection
                0x080000d4                StorePressureVal
 .text          0x080000fc       0x60 PSensor.o
                0x080000fc                ST_PS_reading
                0x0800012c                ReadSensorValue
 .text          0x0800015c       0xc4 driver.o
                0x0800015c                Delay
                0x0800017e                getPressureVal
                0x08000194                Set_Alarm_actuator
                0x080001d0                GPIO_INITIALIZATION
 .text          0x08000220       0x78 main.o
                0x08000220                setup
                0x08000258                main
 .text          0x08000298       0x90 startup.o
                0x08000298                Reset_Handler
                0x0800031c                MM_Fault_Handler
                0x0800031c                Bus_Fault
                0x0800031c                Default_Handler
                0x0800031c                H_fault_Handler
                0x0800031c                Usage_Fault_Handler
                0x0800031c                NMI_Handler
 *(.rodata)
                0x08000328                _E_text = .

.glue_7         0x08000328        0x0
 .glue_7        0x08000328        0x0 linker stubs

.glue_7t        0x08000328        0x0
 .glue_7t       0x08000328        0x0 linker stubs

.vfp11_veneer   0x08000328        0x0
 .vfp11_veneer  0x08000328        0x0 linker stubs

.v4_bx          0x08000328        0x0
 .v4_bx         0x08000328        0x0 linker stubs

.iplt           0x08000328        0x0
 .iplt          0x08000328        0x0 Alarm.o

.rel.dyn        0x08000328        0x0
 .rel.iplt      0x08000328        0x0 Alarm.o

.data           0x20000000        0x4 load address 0x08000328
                0x20000000                _S_DATA = .
 *(.data)
 .data          0x20000000        0x0 Alarm.o
 .data          0x20000000        0x4 PControl.o
                0x20000000                threshold
 .data          0x20000004        0x0 PSensor.o
 .data          0x20000004        0x0 driver.o
 .data          0x20000004        0x0 main.o
 .data          0x20000004        0x0 startup.o
                0x20000004                _E_DATA = .

.igot.plt       0x20000004        0x0 load address 0x0800032c
 .igot.plt      0x20000004        0x0 Alarm.o

.bss            0x20000004     0x1058 load address 0x0800032c
                0x20000004                _S_bss = .
 *(.bss)
 .bss           0x20000004        0x8 Alarm.o
                0x20000004                AL_state_id
                0x20000008                Alarm_state
 .bss           0x2000000c       0x1c PControl.o
                0x2000000c                PS_state_id
                0x20000010                PS_state
                0x2000001c                state_id
                0x20000020                state
                0x20000024                PPressure
 .bss           0x20000028       0x1c PSensor.o
                0x20000040                Val
 .bss           0x20000044        0x0 driver.o
 .bss           0x20000044       0x18 main.o
 .bss           0x2000005c        0x0 startup.o
                0x2000005c                . = ALIGN (0x4)
                0x2000005c                _E_bss = .
                0x2000005c                . = ALIGN (0x4)
                0x2000105c                . = (. + 0x1000)
 *fill*         0x2000005c     0x1000 
                0x2000105c                _STACK_SP = .
LOAD Alarm.o
LOAD PControl.o
LOAD PSensor.o
LOAD driver.o
LOAD main.o
LOAD startup.o
OUTPUT(Pressure_Controller.elf elf32-littlearm)
LOAD linker stubs

.debug_info     0x00000000      0x874
 .debug_info    0x00000000       0xf4 Alarm.o
 .debug_info    0x000000f4      0x1e3 PControl.o
 .debug_info    0x000002d7      0x196 PSensor.o
 .debug_info    0x0000046d      0x112 driver.o
 .debug_info    0x0000057f      0x190 main.o
 .debug_info    0x0000070f      0x165 startup.o

.debug_abbrev   0x00000000      0x47e
 .debug_abbrev  0x00000000       0x86 Alarm.o
 .debug_abbrev  0x00000086       0xf0 PControl.o
 .debug_abbrev  0x00000176       0xc6 PSensor.o
 .debug_abbrev  0x0000023c       0xc3 driver.o
 .debug_abbrev  0x000002ff       0xbc main.o
 .debug_abbrev  0x000003bb       0xc3 startup.o

.debug_loc      0x00000000      0x3c0
 .debug_loc     0x00000000       0x58 Alarm.o
 .debug_loc     0x00000058       0xcc PControl.o
 .debug_loc     0x00000124       0x7c PSensor.o
 .debug_loc     0x000001a0      0x140 driver.o
 .debug_loc     0x000002e0       0x64 main.o
 .debug_loc     0x00000344       0x7c startup.o

.debug_aranges  0x00000000       0xc0
 .debug_aranges
                0x00000000       0x20 Alarm.o
 .debug_aranges
                0x00000020       0x20 PControl.o
 .debug_aranges
                0x00000040       0x20 PSensor.o
 .debug_aranges
                0x00000060       0x20 driver.o
 .debug_aranges
                0x00000080       0x20 main.o
 .debug_aranges
                0x000000a0       0x20 startup.o

.debug_line     0x00000000      0x3a2
 .debug_line    0x00000000       0x59 Alarm.o
 .debug_line    0x00000059       0x96 PControl.o
 .debug_line    0x000000ef       0x78 PSensor.o
 .debug_line    0x00000167       0xf7 driver.o
 .debug_line    0x0000025e       0x8d main.o
 .debug_line    0x000002eb       0xb7 startup.o

.debug_str      0x00000000      0x2dc
 .debug_str     0x00000000      0x165 Alarm.o
                                0x1b1 (size before relaxing)
 .debug_str     0x00000165       0x67 PControl.o
                                0x22d (size before relaxing)
 .debug_str     0x000001cc       0x28 PSensor.o
                                0x203 (size before relaxing)
 .debug_str     0x000001f4       0x57 driver.o
                                0x1c5 (size before relaxing)
 .debug_str     0x0000024b       0x12 main.o
                                0x1ed (size before relaxing)
 .debug_str     0x0000025d       0x7f startup.o
                                0x1d3 (size before relaxing)

.comment        0x00000000       0x49
 .comment       0x00000000       0x49 Alarm.o
                                 0x4a (size before relaxing)
 .comment       0x00000049       0x4a PControl.o
 .comment       0x00000049       0x4a PSensor.o
 .comment       0x00000049       0x4a driver.o
 .comment       0x00000049       0x4a main.o
 .comment       0x00000049       0x4a startup.o

.ARM.attributes
                0x00000000       0x2e
 .ARM.attributes
                0x00000000       0x2e Alarm.o
 .ARM.attributes
                0x0000002e       0x2e PControl.o
 .ARM.attributes
                0x0000005c       0x2e PSensor.o
 .ARM.attributes
                0x0000008a       0x2e driver.o
 .ARM.attributes
                0x000000b8       0x2e main.o
 .ARM.attributes
                0x000000e6       0x2e startup.o

.debug_frame    0x00000000      0x248
 .debug_frame   0x00000000       0x48 Alarm.o
 .debug_frame   0x00000048       0x74 PControl.o
 .debug_frame   0x000000bc       0x50 PSensor.o
 .debug_frame   0x0000010c       0xa0 driver.o
 .debug_frame   0x000001ac       0x4c main.o
 .debug_frame   0x000001f8       0x50 startup.o
