STM32F103x6_EXTI_Driver.c:20:6:Enable_NVIC	16	static
STM32F103x6_EXTI_Driver.c:57:6:Disable_NVIC	16	static
STM32F103x6_EXTI_Driver.c:94:6:Update_EXTI	24	static
STM32F103x6_EXTI_Driver.c:155:7:MCAL_EXTI_init	16	static
STM32F103x6_EXTI_Driver.c:170:6:MCAL_EXTI_Deinit	4	static
STM32F103x6_EXTI_Driver.c:202:6:MCAL_EXTI_Update	16	static
STM32F103x6_EXTI_Driver.c:212:6:EXTI0_IRQHandler	8	static
STM32F103x6_EXTI_Driver.c:219:6:EXTI1_IRQHandler	8	static
STM32F103x6_EXTI_Driver.c:226:6:EXTI2_IRQHandler	8	static
STM32F103x6_EXTI_Driver.c:232:6:EXTI3_IRQHandler	8	static
STM32F103x6_EXTI_Driver.c:238:6:EXTI4_IRQHandler	8	static
STM32F103x6_EXTI_Driver.c:244:6:EXTI9_5_IRQHandler	8	static
STM32F103x6_EXTI_Driver.c:276:6:EXTI15_10_IRQHandler	8	static
STM32f103X6_GPIO_Driver.c:9:9:Get_CRLH_Position	16	static
STM32f103X6_GPIO_Driver.c:80:7:MCAL_GPIO_init	32	static
STM32f103X6_GPIO_Driver.c:130:6:MCAL_GPIO_Deinit	16	static
STM32f103X6_GPIO_Driver.c:175:9:MCAL_GPIO_ReadPIN	24	static
STM32f103X6_GPIO_Driver.c:198:10:MCAL_GPIO_ReadPort	24	static
STM32f103X6_GPIO_Driver.c:214:6:MCAL_GPIO_WritePIN	16	static
STM32f103X6_GPIO_Driver.c:241:6:MCAL_GPIO_WritePort	16	static
STM32f103X6_GPIO_Driver.c:255:6:MCAL_GPIO_TogglePIN	16	static
STM32f103X6_GPIO_Driver.c:269:9:MCAL_GPIO_LockPIN	24	static
STM32F103X8_RCC_Driver.c:38:10:MCAL_RCC_GetSYS_CLCKFreq	4	static
STM32F103X8_RCC_Driver.c:64:10:MCAL_RCC_GetHCLCKFreq	8	static
STM32F103X8_RCC_Driver.c:72:10:MCAL_RCC_GetPCLCK1Freq	8	static
STM32F103X8_RCC_Driver.c:79:10:MCAL_RCC_GetPCLCK2Freq	8	static
STM32F103x8_UART_Driver.c:23:7:MCAL_USART_init	24	static
STM32F103x8_UART_Driver.c:81:6:MCAL_USART_Deinit	16	static
STM32F103x8_UART_Driver.c:100:7:MCAL_USART_SendData	24	static
STM32F103x8_UART_Driver.c:118:7:MCAL_USART_ReceiveData	24	static
STM32F103x8_UART_Driver.c:152:6:MCAL_USART_GPIO_SetPins	24	static
STM32F103x8_UART_Driver.c:241:6:USART1_IRQHandler	16	static
STM32F103x8_UART_Driver.c:269:6:USART2_IRQHandler	16	static
STM32F103x8_UART_Driver.c:297:6:USART3_IRQHandler	16	static
main.c:35:6:WAIT_ms	24	static
main.c:43:6:clock_init	4	static
main.c:60:6:USART_IRQ_CallBack	8	static
main.c:75:6:UART_Config	4	static
main.c:96:5:main	8	static
