STM32F103x6_EXTI_Driver.c:22:6:Enable_NVIC	16	static
STM32F103x6_EXTI_Driver.c:59:6:Disable_NVIC	16	static
STM32F103x6_EXTI_Driver.c:96:6:Update_EXTI	24	static
STM32F103x6_EXTI_Driver.c:157:7:MCAL_EXTI_init	16	static
STM32F103x6_EXTI_Driver.c:172:6:MCAL_EXTI_Deinit	4	static
STM32F103x6_EXTI_Driver.c:204:6:MCAL_EXTI_Update	16	static
STM32F103x6_EXTI_Driver.c:214:6:EXTI0_IRQHandler	8	static
STM32F103x6_EXTI_Driver.c:221:6:EXTI1_IRQHandler	8	static
STM32F103x6_EXTI_Driver.c:228:6:EXTI2_IRQHandler	8	static
STM32F103x6_EXTI_Driver.c:234:6:EXTI3_IRQHandler	8	static
STM32F103x6_EXTI_Driver.c:240:6:EXTI4_IRQHandler	8	static
STM32F103x6_EXTI_Driver.c:246:6:EXTI9_5_IRQHandler	8	static
STM32F103x6_EXTI_Driver.c:278:6:EXTI15_10_IRQHandler	8	static
STM32F103x6_GPIO_Driver.c:9:9:Get_CRLH_Position	16	static
STM32F103x6_GPIO_Driver.c:80:7:MCAL_GPIO_init	32	static
STM32F103x6_GPIO_Driver.c:130:6:MCAL_GPIO_Deinit	16	static
STM32F103x6_GPIO_Driver.c:175:9:MCAL_GPIO_ReadPIN	24	static
STM32F103x6_GPIO_Driver.c:198:10:MCAL_GPIO_ReadPort	24	static
STM32F103x6_GPIO_Driver.c:214:6:MCAL_GPIO_WritePIN	16	static
STM32F103x6_GPIO_Driver.c:241:6:MCAL_GPIO_WritePort	16	static
STM32F103x6_GPIO_Driver.c:255:6:MCAL_GPIO_TogglePIN	16	static
STM32F103x6_GPIO_Driver.c:269:9:MCAL_GPIO_LockPIN	24	static
LCD.c:10:6:LCD_clear_screen	8	static
LCD.c:14:6:LCD_lcd_kick	8	static
LCD.c:20:6:LCD_GOTO_XY	16	static
LCD.c:36:6:LCD_GPIO_INIT	8	static
LCD.c:105:6:LCD_INIT	8	static
LCD.c:129:6:LCD_check_lcd_isbusy	8	static
LCD.c:175:6:LCD_WRITE_COMMAND	16	static
LCD.c:194:6:LCD_WRITE_CHAR	16	static
LCD.c:204:6:LCD_WRITE_STRING	24	static
LCD.c:221:6:LCD_WRITE_NUM	104	static
Keypad.c:14:6:Keypad_init	16	static
Keypad.c:75:6:Keypad_getkey	16	static
main.c:32:6:WAIT_ms	24	static
main.c:39:6:clock_init	4	static
main.c:49:6:IRQ9_CallBack	8	static
main.c:58:5:main	40	static
