E:/Work/Embedded systems/Diploma/embedded_system_online_diploma/U7_MCU_Peripherals/L4_EXTI_GPIO_Driver/STM32_F103C6_Drivers/EXTI/STM32F103x6_EXTI_Driver.c:22:6:Enable_NVIC	16	static
E:/Work/Embedded systems/Diploma/embedded_system_online_diploma/U7_MCU_Peripherals/L4_EXTI_GPIO_Driver/STM32_F103C6_Drivers/EXTI/STM32F103x6_EXTI_Driver.c:59:6:Disable_NVIC	16	static
E:/Work/Embedded systems/Diploma/embedded_system_online_diploma/U7_MCU_Peripherals/L4_EXTI_GPIO_Driver/STM32_F103C6_Drivers/EXTI/STM32F103x6_EXTI_Driver.c:96:6:Update_EXTI	24	static
E:/Work/Embedded systems/Diploma/embedded_system_online_diploma/U7_MCU_Peripherals/L4_EXTI_GPIO_Driver/STM32_F103C6_Drivers/EXTI/STM32F103x6_EXTI_Driver.c:158:7:MCAL_EXTI_init	16	static
E:/Work/Embedded systems/Diploma/embedded_system_online_diploma/U7_MCU_Peripherals/L4_EXTI_GPIO_Driver/STM32_F103C6_Drivers/EXTI/STM32F103x6_EXTI_Driver.c:173:6:MCAL_EXTI_Deinit	4	static
E:/Work/Embedded systems/Diploma/embedded_system_online_diploma/U7_MCU_Peripherals/L4_EXTI_GPIO_Driver/STM32_F103C6_Drivers/EXTI/STM32F103x6_EXTI_Driver.c:205:6:MCAL_EXTI_Update	16	static
E:/Work/Embedded systems/Diploma/embedded_system_online_diploma/U7_MCU_Peripherals/L4_EXTI_GPIO_Driver/STM32_F103C6_Drivers/EXTI/STM32F103x6_EXTI_Driver.c:215:6:EXTI0_IRQHandler	8	static
E:/Work/Embedded systems/Diploma/embedded_system_online_diploma/U7_MCU_Peripherals/L4_EXTI_GPIO_Driver/STM32_F103C6_Drivers/EXTI/STM32F103x6_EXTI_Driver.c:222:6:EXTI1_IRQHandler	8	static
E:/Work/Embedded systems/Diploma/embedded_system_online_diploma/U7_MCU_Peripherals/L4_EXTI_GPIO_Driver/STM32_F103C6_Drivers/EXTI/STM32F103x6_EXTI_Driver.c:229:6:EXTI2_IRQHandler	8	static
E:/Work/Embedded systems/Diploma/embedded_system_online_diploma/U7_MCU_Peripherals/L4_EXTI_GPIO_Driver/STM32_F103C6_Drivers/EXTI/STM32F103x6_EXTI_Driver.c:235:6:EXTI3_IRQHandler	8	static
E:/Work/Embedded systems/Diploma/embedded_system_online_diploma/U7_MCU_Peripherals/L4_EXTI_GPIO_Driver/STM32_F103C6_Drivers/EXTI/STM32F103x6_EXTI_Driver.c:241:6:EXTI4_IRQHandler	8	static
E:/Work/Embedded systems/Diploma/embedded_system_online_diploma/U7_MCU_Peripherals/L4_EXTI_GPIO_Driver/STM32_F103C6_Drivers/EXTI/STM32F103x6_EXTI_Driver.c:247:6:EXTI9_5_IRQHandler	8	static
E:/Work/Embedded systems/Diploma/embedded_system_online_diploma/U7_MCU_Peripherals/L4_EXTI_GPIO_Driver/STM32_F103C6_Drivers/EXTI/STM32F103x6_EXTI_Driver.c:279:6:EXTI15_10_IRQHandler	8	static
E:/Work/Embedded systems/Diploma/embedded_system_online_diploma/U7_MCU_Peripherals/L4_EXTI_GPIO_Driver/STM32_F103C6_Drivers/GPIO/STM32F103x6_GPIO_Driver.c:8:6:WAIT_ms	24	static
E:/Work/Embedded systems/Diploma/embedded_system_online_diploma/U7_MCU_Peripherals/L4_EXTI_GPIO_Driver/STM32_F103C6_Drivers/GPIO/STM32F103x6_GPIO_Driver.c:16:9:Get_CRLH_Position	16	static
E:/Work/Embedded systems/Diploma/embedded_system_online_diploma/U7_MCU_Peripherals/L4_EXTI_GPIO_Driver/STM32_F103C6_Drivers/GPIO/STM32F103x6_GPIO_Driver.c:87:7:MCAL_GPIO_init	32	static
E:/Work/Embedded systems/Diploma/embedded_system_online_diploma/U7_MCU_Peripherals/L4_EXTI_GPIO_Driver/STM32_F103C6_Drivers/GPIO/STM32F103x6_GPIO_Driver.c:137:6:MCAL_GPIO_Deinit	16	static
E:/Work/Embedded systems/Diploma/embedded_system_online_diploma/U7_MCU_Peripherals/L4_EXTI_GPIO_Driver/STM32_F103C6_Drivers/GPIO/STM32F103x6_GPIO_Driver.c:182:9:MCAL_GPIO_ReadPIN	24	static
E:/Work/Embedded systems/Diploma/embedded_system_online_diploma/U7_MCU_Peripherals/L4_EXTI_GPIO_Driver/STM32_F103C6_Drivers/GPIO/STM32F103x6_GPIO_Driver.c:205:10:MCAL_GPIO_ReadPort	24	static
E:/Work/Embedded systems/Diploma/embedded_system_online_diploma/U7_MCU_Peripherals/L4_EXTI_GPIO_Driver/STM32_F103C6_Drivers/GPIO/STM32F103x6_GPIO_Driver.c:221:6:MCAL_GPIO_WritePIN	16	static
E:/Work/Embedded systems/Diploma/embedded_system_online_diploma/U7_MCU_Peripherals/L4_EXTI_GPIO_Driver/STM32_F103C6_Drivers/GPIO/STM32F103x6_GPIO_Driver.c:248:6:MCAL_GPIO_WritePort	16	static
E:/Work/Embedded systems/Diploma/embedded_system_online_diploma/U7_MCU_Peripherals/L4_EXTI_GPIO_Driver/STM32_F103C6_Drivers/GPIO/STM32F103x6_GPIO_Driver.c:262:6:MCAL_GPIO_TogglePIN	16	static
E:/Work/Embedded systems/Diploma/embedded_system_online_diploma/U7_MCU_Peripherals/L4_EXTI_GPIO_Driver/STM32_F103C6_Drivers/GPIO/STM32F103x6_GPIO_Driver.c:276:9:MCAL_GPIO_LockPIN	24	static
E:/Work/Embedded systems/Diploma/embedded_system_online_diploma/U7_MCU_Peripherals/L4_EXTI_GPIO_Driver/HAL/Lcd/LCD.c:10:6:LCD_clear_screen	8	static
E:/Work/Embedded systems/Diploma/embedded_system_online_diploma/U7_MCU_Peripherals/L4_EXTI_GPIO_Driver/HAL/Lcd/LCD.c:14:6:LCD_lcd_kick	8	static
E:/Work/Embedded systems/Diploma/embedded_system_online_diploma/U7_MCU_Peripherals/L4_EXTI_GPIO_Driver/HAL/Lcd/LCD.c:20:6:LCD_GOTO_XY	16	static
E:/Work/Embedded systems/Diploma/embedded_system_online_diploma/U7_MCU_Peripherals/L4_EXTI_GPIO_Driver/HAL/Lcd/LCD.c:36:6:LCD_GPIO_INIT	8	static
E:/Work/Embedded systems/Diploma/embedded_system_online_diploma/U7_MCU_Peripherals/L4_EXTI_GPIO_Driver/HAL/Lcd/LCD.c:107:6:LCD_INIT	8	static
E:/Work/Embedded systems/Diploma/embedded_system_online_diploma/U7_MCU_Peripherals/L4_EXTI_GPIO_Driver/HAL/Lcd/LCD.c:131:6:LCD_check_lcd_isbusy	8	static
E:/Work/Embedded systems/Diploma/embedded_system_online_diploma/U7_MCU_Peripherals/L4_EXTI_GPIO_Driver/HAL/Lcd/LCD.c:219:6:LCD_WRITE_COMMAND	16	static
E:/Work/Embedded systems/Diploma/embedded_system_online_diploma/U7_MCU_Peripherals/L4_EXTI_GPIO_Driver/HAL/Lcd/LCD.c:238:6:LCD_WRITE_CHAR	16	static
E:/Work/Embedded systems/Diploma/embedded_system_online_diploma/U7_MCU_Peripherals/L4_EXTI_GPIO_Driver/HAL/Lcd/LCD.c:248:6:LCD_WRITE_STRING	24	static
E:/Work/Embedded systems/Diploma/embedded_system_online_diploma/U7_MCU_Peripherals/L4_EXTI_GPIO_Driver/HAL/Lcd/LCD.c:265:6:LCD_WRITE_NUM	104	static
../Src/main.c:33:6:clock_init	4	static
../Src/main.c:43:6:IRQ9_CallBack	8	static
../Src/main.c:52:5:main	40	static
