E:/Work/Embedded systems/Diploma/embedded_system_online_diploma/U8_MCU_Interfacing/L6_I2C_STM32_Driver/STM32F103C6_Drivers/GPIO/STM32F103_GPIO_Driver.c:9:9:Get_CRLH_Position	16	static
E:/Work/Embedded systems/Diploma/embedded_system_online_diploma/U8_MCU_Interfacing/L6_I2C_STM32_Driver/STM32F103C6_Drivers/GPIO/STM32F103_GPIO_Driver.c:80:7:MCAL_GPIO_init	32	static
E:/Work/Embedded systems/Diploma/embedded_system_online_diploma/U8_MCU_Interfacing/L6_I2C_STM32_Driver/STM32F103C6_Drivers/GPIO/STM32F103_GPIO_Driver.c:130:6:MCAL_GPIO_Deinit	16	static
E:/Work/Embedded systems/Diploma/embedded_system_online_diploma/U8_MCU_Interfacing/L6_I2C_STM32_Driver/STM32F103C6_Drivers/GPIO/STM32F103_GPIO_Driver.c:176:6:MCAL_GPIO_SetPIN	32	static
E:/Work/Embedded systems/Diploma/embedded_system_online_diploma/U8_MCU_Interfacing/L6_I2C_STM32_Driver/STM32F103C6_Drivers/GPIO/STM32F103_GPIO_Driver.c:227:9:MCAL_GPIO_ReadPIN	24	static
E:/Work/Embedded systems/Diploma/embedded_system_online_diploma/U8_MCU_Interfacing/L6_I2C_STM32_Driver/STM32F103C6_Drivers/GPIO/STM32F103_GPIO_Driver.c:250:10:MCAL_GPIO_ReadPort	24	static
E:/Work/Embedded systems/Diploma/embedded_system_online_diploma/U8_MCU_Interfacing/L6_I2C_STM32_Driver/STM32F103C6_Drivers/GPIO/STM32F103_GPIO_Driver.c:266:6:MCAL_GPIO_WritePIN	16	static
E:/Work/Embedded systems/Diploma/embedded_system_online_diploma/U8_MCU_Interfacing/L6_I2C_STM32_Driver/STM32F103C6_Drivers/GPIO/STM32F103_GPIO_Driver.c:293:6:MCAL_GPIO_WritePort	16	static
E:/Work/Embedded systems/Diploma/embedded_system_online_diploma/U8_MCU_Interfacing/L6_I2C_STM32_Driver/STM32F103C6_Drivers/GPIO/STM32F103_GPIO_Driver.c:307:6:MCAL_GPIO_TogglePIN	16	static
E:/Work/Embedded systems/Diploma/embedded_system_online_diploma/U8_MCU_Interfacing/L6_I2C_STM32_Driver/STM32F103C6_Drivers/GPIO/STM32F103_GPIO_Driver.c:321:9:MCAL_GPIO_LockPIN	24	static
E:/Work/Embedded systems/Diploma/embedded_system_online_diploma/U8_MCU_Interfacing/L6_I2C_STM32_Driver/STM32F103C6_Drivers/SPI/STM32F103_SPI_Driver.c:37:7:MCAL_SPI_Init	24	static
E:/Work/Embedded systems/Diploma/embedded_system_online_diploma/U8_MCU_Interfacing/L6_I2C_STM32_Driver/STM32F103C6_Drivers/SPI/STM32F103_SPI_Driver.c:117:6:MCAL_SPI_DeInit	16	static
E:/Work/Embedded systems/Diploma/embedded_system_online_diploma/U8_MCU_Interfacing/L6_I2C_STM32_Driver/STM32F103C6_Drivers/SPI/STM32F103_SPI_Driver.c:136:7:MCAL_SPI_Send_Data	24	static
E:/Work/Embedded systems/Diploma/embedded_system_online_diploma/U8_MCU_Interfacing/L6_I2C_STM32_Driver/STM32F103C6_Drivers/SPI/STM32F103_SPI_Driver.c:155:7:MCAL_SPI_Recieve_Data	24	static
E:/Work/Embedded systems/Diploma/embedded_system_online_diploma/U8_MCU_Interfacing/L6_I2C_STM32_Driver/STM32F103C6_Drivers/SPI/STM32F103_SPI_Driver.c:171:6:MCAL_SPI_TX_RX	24	static
E:/Work/Embedded systems/Diploma/embedded_system_online_diploma/U8_MCU_Interfacing/L6_I2C_STM32_Driver/STM32F103C6_Drivers/SPI/STM32F103_SPI_Driver.c:192:6:MCAL_SPI_GPIO_Set_Pins	24	static
E:/Work/Embedded systems/Diploma/embedded_system_online_diploma/U8_MCU_Interfacing/L6_I2C_STM32_Driver/STM32F103C6_Drivers/SPI/STM32F103_SPI_Driver.c:317:6:SPI1_IRQHandler	16	static
E:/Work/Embedded systems/Diploma/embedded_system_online_diploma/U8_MCU_Interfacing/L6_I2C_STM32_Driver/STM32F103C6_Drivers/SPI/STM32F103_SPI_Driver.c:326:6:SPI2_IRQHandler	16	static
E:/Work/Embedded systems/Diploma/embedded_system_online_diploma/U8_MCU_Interfacing/L6_I2C_STM32_Driver/STM32F103C6_Drivers/RCC/STM32F103_RCC_Driver.c:38:10:MCAL_RCC_GetSYS_CLCKFreq	4	static
E:/Work/Embedded systems/Diploma/embedded_system_online_diploma/U8_MCU_Interfacing/L6_I2C_STM32_Driver/STM32F103C6_Drivers/RCC/STM32F103_RCC_Driver.c:64:10:MCAL_RCC_GetHCLCKFreq	8	static
E:/Work/Embedded systems/Diploma/embedded_system_online_diploma/U8_MCU_Interfacing/L6_I2C_STM32_Driver/STM32F103C6_Drivers/RCC/STM32F103_RCC_Driver.c:73:10:MCAL_RCC_GetPCLCK1Freq	8	static
E:/Work/Embedded systems/Diploma/embedded_system_online_diploma/U8_MCU_Interfacing/L6_I2C_STM32_Driver/STM32F103C6_Drivers/RCC/STM32F103_RCC_Driver.c:81:10:MCAL_RCC_GetPCLCK2Freq	8	static
E:/Work/Embedded systems/Diploma/embedded_system_online_diploma/U8_MCU_Interfacing/L6_I2C_STM32_Driver/STM32F103C6_Drivers/UART/STM32F103_UART_Driver.c:14:9:Get_USART_Index	16	static
E:/Work/Embedded systems/Diploma/embedded_system_online_diploma/U8_MCU_Interfacing/L6_I2C_STM32_Driver/STM32F103C6_Drivers/UART/STM32F103_UART_Driver.c:35:7:MCAL_USART_init	24	static
E:/Work/Embedded systems/Diploma/embedded_system_online_diploma/U8_MCU_Interfacing/L6_I2C_STM32_Driver/STM32F103C6_Drivers/UART/STM32F103_UART_Driver.c:98:6:MCAL_USART_Deinit	16	static
E:/Work/Embedded systems/Diploma/embedded_system_online_diploma/U8_MCU_Interfacing/L6_I2C_STM32_Driver/STM32F103C6_Drivers/UART/STM32F103_UART_Driver.c:117:7:MCAL_USART_SendData	32	static
E:/Work/Embedded systems/Diploma/embedded_system_online_diploma/U8_MCU_Interfacing/L6_I2C_STM32_Driver/STM32F103C6_Drivers/UART/STM32F103_UART_Driver.c:135:7:MCAL_USART_ReceiveData	32	static
E:/Work/Embedded systems/Diploma/embedded_system_online_diploma/U8_MCU_Interfacing/L6_I2C_STM32_Driver/STM32F103C6_Drivers/UART/STM32F103_UART_Driver.c:169:6:MCAL_USART_GPIO_SetPins	24	static
E:/Work/Embedded systems/Diploma/embedded_system_online_diploma/U8_MCU_Interfacing/L6_I2C_STM32_Driver/STM32F103C6_Drivers/UART/STM32F103_UART_Driver.c:256:6:USART1_IRQHandler	16	static
E:/Work/Embedded systems/Diploma/embedded_system_online_diploma/U8_MCU_Interfacing/L6_I2C_STM32_Driver/STM32F103C6_Drivers/UART/STM32F103_UART_Driver.c:285:6:USART2_IRQHandler	16	static
E:/Work/Embedded systems/Diploma/embedded_system_online_diploma/U8_MCU_Interfacing/L6_I2C_STM32_Driver/STM32F103C6_Drivers/UART/STM32F103_UART_Driver.c:313:6:USART3_IRQHandler	16	static
E:/Work/Embedded systems/Diploma/embedded_system_online_diploma/U8_MCU_Interfacing/L6_I2C_STM32_Driver/STM32F103C6_Drivers/I2C/STM32F103_I2C_Driver.c:22:9:Get_I2C_Index	24	static
E:/Work/Embedded systems/Diploma/embedded_system_online_diploma/U8_MCU_Interfacing/L6_I2C_STM32_Driver/STM32F103C6_Drivers/I2C/STM32F103_I2C_Driver.c:45:6:I2C_Generate_Start	16	static
E:/Work/Embedded systems/Diploma/embedded_system_online_diploma/U8_MCU_Interfacing/L6_I2C_STM32_Driver/STM32F103C6_Drivers/I2C/STM32F103_I2C_Driver.c:84:6:I2C_Generate_Stop	16	static
E:/Work/Embedded systems/Diploma/embedded_system_online_diploma/U8_MCU_Interfacing/L6_I2C_STM32_Driver/STM32F103C6_Drivers/I2C/STM32F103_I2C_Driver.c:98:6:I2C_Send_Address	16	static
E:/Work/Embedded systems/Diploma/embedded_system_online_diploma/U8_MCU_Interfacing/L6_I2C_STM32_Driver/STM32F103C6_Drivers/I2C/STM32F103_I2C_Driver.c:141:14:I2C_GetFlagStatus	24	static
E:/Work/Embedded systems/Diploma/embedded_system_online_diploma/U8_MCU_Interfacing/L6_I2C_STM32_Driver/STM32F103C6_Drivers/I2C/STM32F103_I2C_Driver.c:204:6:MCAL_I2C_Init	40	static
E:/Work/Embedded systems/Diploma/embedded_system_online_diploma/U8_MCU_Interfacing/L6_I2C_STM32_Driver/STM32F103C6_Drivers/I2C/STM32F103_I2C_Driver.c:363:6:MCAL_I2C_DeInit	16	static
E:/Work/Embedded systems/Diploma/embedded_system_online_diploma/U8_MCU_Interfacing/L6_I2C_STM32_Driver/STM32F103C6_Drivers/I2C/STM32F103_I2C_Driver.c:387:6:MCAL_I2C_GPIO_Set_Pins	24	static
E:/Work/Embedded systems/Diploma/embedded_system_online_diploma/U8_MCU_Interfacing/L6_I2C_STM32_Driver/STM32F103C6_Drivers/I2C/STM32F103_I2C_Driver.c:433:6:MCAL_I2C_Master_TX	32	static
E:/Work/Embedded systems/Diploma/embedded_system_online_diploma/U8_MCU_Interfacing/L6_I2C_STM32_Driver/STM32F103C6_Drivers/I2C/STM32F103_I2C_Driver.c:474:6:MCAL_I2C_Master_RX	32	static
E:/Work/Embedded systems/Diploma/embedded_system_online_diploma/U8_MCU_Interfacing/L6_I2C_STM32_Driver/STM32F103C6_Drivers/I2C/STM32F103_I2C_Driver.c:523:6:MCAL_I2C_Slave_TX	16	static
E:/Work/Embedded systems/Diploma/embedded_system_online_diploma/U8_MCU_Interfacing/L6_I2C_STM32_Driver/STM32F103C6_Drivers/I2C/STM32F103_I2C_Driver.c:534:9:MCAL_I2C_Slave_RX	16	static
E:/Work/Embedded systems/Diploma/embedded_system_online_diploma/U8_MCU_Interfacing/L6_I2C_STM32_Driver/STM32F103C6_Drivers/I2C/STM32F103_I2C_Driver.c:545:6:I2C1_EV_IRQHandler	16	static
E:/Work/Embedded systems/Diploma/embedded_system_online_diploma/U8_MCU_Interfacing/L6_I2C_STM32_Driver/STM32F103C6_Drivers/I2C/STM32F103_I2C_Driver.c:570:6:I2C1_ER_IRQHandler	4	static
E:/Work/Embedded systems/Diploma/embedded_system_online_diploma/U8_MCU_Interfacing/L6_I2C_STM32_Driver/HAL/I2C_EEPROM/I2C_EEPROM.c:11:6:I2C_EEPROM_Init	48	static
E:/Work/Embedded systems/Diploma/embedded_system_online_diploma/U8_MCU_Interfacing/L6_I2C_STM32_Driver/HAL/I2C_EEPROM/I2C_EEPROM.c:32:6:I2C_EEPROM_Write_Data	296	static
E:/Work/Embedded systems/Diploma/embedded_system_online_diploma/U8_MCU_Interfacing/L6_I2C_STM32_Driver/HAL/I2C_EEPROM/I2C_EEPROM.c:48:6:I2C_EEPROM_Read_Data	40	static
../Src/main.c:42:6:WAIT_ms	24	static
../Src/main.c:50:6:clock_init	4	static
../Src/main.c:76:5:main	24	static
