
Memory Configuration

Name             Origin             Length             Attributes
flash            0x08000000         0x00020000         xr
sram             0x20000000         0x00005000         xrw
*default*        0x00000000         0xffffffff

Linker script and memory map


.text           0x20000000      0x128 load address 0x08000000
 *(.vectors*)
 .vectors       0x20000000       0x1c startup.o
                0x20000000                vectors
 *(.text*)
 .text          0x2000001c       0x7c main.o
                0x2000001c                main
 .text          0x20000098       0x90 startup.o
                0x20000098                Reset_Handler
                0x2000011c                MM_Fault_Handler
                0x2000011c                Bus_Fault
                0x2000011c                Default_Handler
                0x2000011c                H_fault_Handler
                0x2000011c                Usage_Fault_Handler
                0x2000011c                NMI_Handler
 *(.rodata)
                0x20000128                _E_text = .

.glue_7         0x20000128        0x0 load address 0x08000128
 .glue_7        0x20000128        0x0 linker stubs

.glue_7t        0x20000128        0x0 load address 0x08000128
 .glue_7t       0x20000128        0x0 linker stubs

.vfp11_veneer   0x20000128        0x0 load address 0x08000128
 .vfp11_veneer  0x20000128        0x0 linker stubs

.v4_bx          0x20000128        0x0 load address 0x08000128
 .v4_bx         0x20000128        0x0 linker stubs

.iplt           0x20000128        0x0 load address 0x08000128
 .iplt          0x20000128        0x0 main.o

.rel.dyn        0x20000128        0x0 load address 0x08000128
 .rel.iplt      0x20000128        0x0 main.o

.data           0x20000128        0x4 load address 0x08000128
                0x20000128                _S_DATA = .
 *(.data)
 .data          0x20000128        0x4 main.o
                0x20000128                R_ODR
 .data          0x2000012c        0x0 startup.o
                0x2000012c                _E_DATA = .

.igot.plt       0x2000012c        0x0 load address 0x0800012c
 .igot.plt      0x2000012c        0x0 main.o

.bss            0x2000012c     0x1000 load address 0x0800012c
                0x2000012c                _S_bss = .
 *(.bss)
 .bss           0x2000012c        0x0 main.o
 .bss           0x2000012c        0x0 startup.o
                0x2000012c                . = ALIGN (0x4)
                0x2000012c                _E_bss = .
                0x2000012c                . = ALIGN (0x4)
                0x2000112c                . = (. + 0x1000)
 *fill*         0x2000012c     0x1000 
                0x2000112c                _STACK_SP = .
LOAD main.o
LOAD startup.o
OUTPUT(learn-in-depth_cortexM3.elf elf32-littlearm)
LOAD linker stubs

.debug_info     0x00000000      0x2e5
 .debug_info    0x00000000      0x141 main.o
 .debug_info    0x00000141      0x1a4 startup.o

.debug_abbrev   0x00000000      0x1cd
 .debug_abbrev  0x00000000       0xe7 main.o
 .debug_abbrev  0x000000e7       0xe6 startup.o

.debug_loc      0x00000000       0xb4
 .debug_loc     0x00000000       0x38 main.o
 .debug_loc     0x00000038       0x7c startup.o

.debug_aranges  0x00000000       0x40
 .debug_aranges
                0x00000000       0x20 main.o
 .debug_aranges
                0x00000020       0x20 startup.o

.debug_line     0x00000000      0x157
 .debug_line    0x00000000       0x8a main.o
 .debug_line    0x0000008a       0xcd startup.o

.debug_str      0x00000000      0x1e9
 .debug_str     0x00000000      0x16a main.o
                                0x191 (size before relaxing)
 .debug_str     0x0000016a       0x7f startup.o
                                0x1e2 (size before relaxing)

.comment        0x00000000       0x49
 .comment       0x00000000       0x49 main.o
                                 0x4a (size before relaxing)
 .comment       0x00000049       0x4a startup.o

.ARM.attributes
                0x00000000       0x2d
 .ARM.attributes
                0x00000000       0x2d main.o
 .ARM.attributes
                0x0000002d       0x2d startup.o

.debug_frame    0x00000000       0x7c
 .debug_frame   0x00000000       0x2c main.o
 .debug_frame   0x0000002c       0x50 startup.o
