E:/Work/Embedded systems/Diploma/embedded_system_online_diploma/U7_MCU_Peripherals/Sec3_LCD_Keypad_Driver/STM32_F103C6_Drivers/GPIO/STM32f103X6_GPIO_Driver.c:9:9:Get_CRLH_Position	16	static
E:/Work/Embedded systems/Diploma/embedded_system_online_diploma/U7_MCU_Peripherals/Sec3_LCD_Keypad_Driver/STM32_F103C6_Drivers/GPIO/STM32f103X6_GPIO_Driver.c:68:6:WAIT_ms	24	static
E:/Work/Embedded systems/Diploma/embedded_system_online_diploma/U7_MCU_Peripherals/Sec3_LCD_Keypad_Driver/STM32_F103C6_Drivers/GPIO/STM32f103X6_GPIO_Driver.c:86:7:MCAL_GPIO_init	32	static
E:/Work/Embedded systems/Diploma/embedded_system_online_diploma/U7_MCU_Peripherals/Sec3_LCD_Keypad_Driver/STM32_F103C6_Drivers/GPIO/STM32f103X6_GPIO_Driver.c:136:6:MCAL_GPIO_Deinit	16	static
E:/Work/Embedded systems/Diploma/embedded_system_online_diploma/U7_MCU_Peripherals/Sec3_LCD_Keypad_Driver/STM32_F103C6_Drivers/GPIO/STM32f103X6_GPIO_Driver.c:182:6:MCAL_GPIO_SetPIN	32	static
E:/Work/Embedded systems/Diploma/embedded_system_online_diploma/U7_MCU_Peripherals/Sec3_LCD_Keypad_Driver/STM32_F103C6_Drivers/GPIO/STM32f103X6_GPIO_Driver.c:232:9:MCAL_GPIO_ReadPIN	24	static
E:/Work/Embedded systems/Diploma/embedded_system_online_diploma/U7_MCU_Peripherals/Sec3_LCD_Keypad_Driver/STM32_F103C6_Drivers/GPIO/STM32f103X6_GPIO_Driver.c:255:10:MCAL_GPIO_ReadPort	24	static
E:/Work/Embedded systems/Diploma/embedded_system_online_diploma/U7_MCU_Peripherals/Sec3_LCD_Keypad_Driver/STM32_F103C6_Drivers/GPIO/STM32f103X6_GPIO_Driver.c:271:6:MCAL_GPIO_WritePIN	16	static
E:/Work/Embedded systems/Diploma/embedded_system_online_diploma/U7_MCU_Peripherals/Sec3_LCD_Keypad_Driver/STM32_F103C6_Drivers/GPIO/STM32f103X6_GPIO_Driver.c:298:6:MCAL_GPIO_WritePort	16	static
E:/Work/Embedded systems/Diploma/embedded_system_online_diploma/U7_MCU_Peripherals/Sec3_LCD_Keypad_Driver/STM32_F103C6_Drivers/GPIO/STM32f103X6_GPIO_Driver.c:312:6:MCAL_GPIO_TogglePIN	16	static
E:/Work/Embedded systems/Diploma/embedded_system_online_diploma/U7_MCU_Peripherals/Sec3_LCD_Keypad_Driver/STM32_F103C6_Drivers/GPIO/STM32f103X6_GPIO_Driver.c:326:9:MCAL_GPIO_LockPIN	24	static
E:/Work/Embedded systems/Diploma/embedded_system_online_diploma/U7_MCU_Peripherals/Sec3_LCD_Keypad_Driver/Lcd/lcd.c:10:6:LCD_clear_screen	8	static
E:/Work/Embedded systems/Diploma/embedded_system_online_diploma/U7_MCU_Peripherals/Sec3_LCD_Keypad_Driver/Lcd/lcd.c:14:6:LCD_lcd_kick	8	static
E:/Work/Embedded systems/Diploma/embedded_system_online_diploma/U7_MCU_Peripherals/Sec3_LCD_Keypad_Driver/Lcd/lcd.c:20:6:LCD_GOTO_XY	16	static
E:/Work/Embedded systems/Diploma/embedded_system_online_diploma/U7_MCU_Peripherals/Sec3_LCD_Keypad_Driver/Lcd/lcd.c:36:6:LCD_GPIO_INIT	8	static
E:/Work/Embedded systems/Diploma/embedded_system_online_diploma/U7_MCU_Peripherals/Sec3_LCD_Keypad_Driver/Lcd/lcd.c:110:6:LCD_INIT	8	static
E:/Work/Embedded systems/Diploma/embedded_system_online_diploma/U7_MCU_Peripherals/Sec3_LCD_Keypad_Driver/Lcd/lcd.c:133:6:LCD_check_lcd_isbusy	8	static
E:/Work/Embedded systems/Diploma/embedded_system_online_diploma/U7_MCU_Peripherals/Sec3_LCD_Keypad_Driver/Lcd/lcd.c:183:6:LCD_WRITE_COMMAND	16	static
E:/Work/Embedded systems/Diploma/embedded_system_online_diploma/U7_MCU_Peripherals/Sec3_LCD_Keypad_Driver/Lcd/lcd.c:202:6:LCD_WRITE_CHAR	16	static
E:/Work/Embedded systems/Diploma/embedded_system_online_diploma/U7_MCU_Peripherals/Sec3_LCD_Keypad_Driver/Lcd/lcd.c:212:6:LCD_WRITE_STRING	24	static
E:/Work/Embedded systems/Diploma/embedded_system_online_diploma/U7_MCU_Peripherals/Sec3_LCD_Keypad_Driver/Lcd/lcd.c:229:6:LCD_WRITE_NUM	104	static
E:/Work/Embedded systems/Diploma/embedded_system_online_diploma/U7_MCU_Peripherals/Sec3_LCD_Keypad_Driver/Keypad/keypad.c:14:6:Keypad_init	8	static
E:/Work/Embedded systems/Diploma/embedded_system_online_diploma/U7_MCU_Peripherals/Sec3_LCD_Keypad_Driver/Keypad/keypad.c:91:6:Keypad_getkey	16	static
E:/Work/Embedded systems/Diploma/embedded_system_online_diploma/U7_MCU_Peripherals/Sec3_LCD_Keypad_Driver/7_Segment/7_segment.c:13:6:INIT_7_Segment	8	static
../Src/main.c:37:6:get_num	16	static
../Src/main.c:54:10:perform_operation	24	static
../Src/main.c:71:6:clock_init	4	static
../Src/main.c:79:5:main	32	static
