STM32f103X6_GPIO_Driver.c:9:9:Get_CRLH_Position	0	static
STM32f103X6_GPIO_Driver.c:80:7:MCAL_GPIO_init	24	static
STM32f103X6_GPIO_Driver.c:130:6:MCAL_GPIO_Deinit	0	static
STM32f103X6_GPIO_Driver.c:175:9:MCAL_GPIO_ReadPIN	0	static
STM32f103X6_GPIO_Driver.c:198:10:MCAL_GPIO_ReadPort	0	static
STM32f103X6_GPIO_Driver.c:214:6:MCAL_GPIO_WritePIN	0	static
STM32f103X6_GPIO_Driver.c:241:6:MCAL_GPIO_WritePort	0	static
STM32f103X6_GPIO_Driver.c:255:6:MCAL_GPIO_TogglePIN	0	static
STM32f103X6_GPIO_Driver.c:269:9:MCAL_GPIO_LockPIN	8	static
main.c:34:6:GPIO_init	32	static
main.c:70:6:clock_init	0	static
main.c:79:6:WAIT_ms	0	static
main.c:86:5:main	8	static
